******************************************************************************
                  TI ARM Linker PC v20.2.7                     
******************************************************************************
>> Linked Fri Apr 26 14:10:02 2024

OUTPUT FILE NAME:   <Final.out>
ENTRY POINT SYMBOL: "_c_int00_noargs"  address: 00005c1d


MEMORY CONFIGURATION

         name            origin    length      used     unused   attr    fill
----------------------  --------  ---------  --------  --------  ----  --------
  FLASH                 00000000   00040000  00006290  00039d70  R  X
  SRAM                  20000000   00008000  0000253c  00005ac4  RW X


SEGMENT ALLOCATION MAP

run origin  load origin   length   init length attrs members
----------  ----------- ---------- ----------- ----- -------
00000000    00000000    00006298   00006298    r-x
  00000000    00000000    0000026c   0000026c    r-- .intvecs
  0000026c    0000026c    00005c38   00005c38    r-x .text
  00005ea8    00005ea8    000001c4   000001c4    r-- .const
  00006070    00006070    00000228   00000228    r-- .cinit
20000000    20000000    00002540   00000000    rw-
  20000000    20000000    0000026c   00000000    rw- .vtable
  20000270    20000270    00001000   00000000    rw- .stack
  20001270    20001270    00001000   00000000    rw- .sysmem
  20002270    20002270    00000258   00000000    rw- .data
  200024c8    200024c8    00000078   00000000    rw- .bss


SECTION ALLOCATION MAP

 output                                  attributes/
section   page    origin      length       input sections
--------  ----  ----------  ----------   ----------------
.intvecs   0    00000000    0000026c     
                  00000000    0000026c     tm4c123gh6pm_startup_ccs.obj (.intvecs)

.text      0    0000026c    00005c38     
                  0000026c    00000c20     open_interface.obj (.text)
                  00000e8c    00000a4e     rtsv7M4_T_le_v4SPD16_eabi.lib : _printfi.c.obj (.text:__TI_printfi)
                  000018da    00000002                                   : _lock.c.obj (.text:_nop)
                  000018dc    000009d0                                   : e_pow.c.obj (.text:pow)
                  000022ac    0000075c     move.obj (.text)
                  00002a08    0000040c     adc.obj (.text)
                  00002e14    000003c4     lcd.obj (.text)
                  000031d8    000003a0     servo.obj (.text)
                  00003578    00000350     main.obj (.text)
                  000038c8    000002d4     ping.obj (.text)
                  00003b9c    00000270     rtsv7M4_T_le_v4SPD16_eabi.lib : _printfi.c.obj (.text:_pconv_a)
                  00003e0c    00000248     Timer.obj (.text)
                  00004054    000001f4     uart-interrupt.obj (.text)
                  00004248    000001d0     rtsv7M4_T_le_v4SPD16_eabi.lib : _printfi.c.obj (.text:_pconv_g)
                  00004418    000001b6                                   : fd_add_t2.asm.obj (.text)
                  000045ce    00000002                                   : div0.asm.obj (.text)
                  000045d0    00000158                                   : e_sqrt.c.obj (.text:sqrt)
                  00004728    0000014c                                   : vla_alloc.c.obj (.text:__vla_alloc)
                  00004874    0000013c                                   : _printfi.c.obj (.text:_pconv_e)
                  000049b0    00000136                                   : fd_div_t2.asm.obj (.text)
                  00004ae6    00000002     --HOLE-- [fill = 0]
                  00004ae8    00000124                                   : _printfi.c.obj (.text:fcvt)
                  00004c0c    00000110                                   : s_scalbn.c.obj (.text:scalbn)
                  00004d1c    00000100                                   : memory.c.obj (.text:aligned_alloc)
                  00004e1c    000000fc                                   : fd_mul_t2.asm.obj (.text)
                  00004f18    000000f8     scan.obj (.text)
                  00005010    000000e4     rtsv7M4_T_le_v4SPD16_eabi.lib : memory.c.obj (.text:free)
                  000050f4    000000e4                                   : memory.c.obj (.text:realloc)
                  000051d8    000000d8     button.obj (.text)
                  000052b0    000000b1     rtsv7M4_T_le_v4SPD16_eabi.lib : _printfi.c.obj (.text:_ltostr)
                  00005361    00000001     --HOLE-- [fill = 0]
                  00005362    0000009c                                   : memcpy_t2.asm.obj (.text)
                  000053fe    00000096                                   : ull_div_t2.asm.obj (.text)
                  00005494    00000086                                   : fd_cmp_t2.asm.obj (.text:__aeabi_cdcmple)
                  0000551a    00000086                                   : fd_cmp_t2.asm.obj (.text:__aeabi_cdrcmple)
                  000055a0    0000007a                                   : memset_t2.asm.obj (.text)
                  0000561a    00000002     --HOLE-- [fill = 0]
                  0000561c    00000078                                   : vla_alloc.c.obj (.text:_ZN33_INTERNAL_11_vla_alloc_c_be8bd49b21free_dead_allocationsEPv)
                  00005694    00000070                                   : memory.c.obj (.text:split)
                  00005704    0000006e                                   : _printfi.c.obj (.text:_mcpy)
                  00005772    0000006e                                   : fd_tos_t2.asm.obj (.text)
                  000057e0    00000068                                   : copy_decompress_lzss.c.obj (.text:decompress:lzss:__TI_decompress_lzss)
                  00005848    00000064                                   : s_frexp.c.obj (.text:frexp)
                  000058ac    00000056                                   : _printfi.c.obj (.text:_pconv_f)
                  00005902    00000054                                   : _ltoa.c.obj (.text:__TI_ltoa)
                  00005956    00000052                                   : _printfi.c.obj (.text:_ecpy)
                  000059a8    0000004c                                   : atoi.c.obj (.text:atoi)
                  000059f4    00000048                                   : fd_toi_t2.asm.obj (.text)
                  00005a3c    00000044                                   : autoinit.c.obj (.text:__TI_auto_init_nobinit_nopinit:__TI_auto_init_nobinit_nopinit)
                  00005a80    00000040                                   : sprintf.c.obj (.text:sprintf)
                  00005ac0    00000040                                   : vsnprintf.c.obj (.text:vsnprintf)
                  00005b00    0000003e                                   : _printfi.c.obj (.text:_fcpy)
                  00005b3e    00000002     --HOLE-- [fill = 0]
                  00005b40    00000038                                   : memory.c.obj (.text:calloc)
                  00005b78    00000038                                   : fs_tod_t2.asm.obj (.text)
                  00005bb0    00000036                                   : strncpy.c.obj (.text:strncpy)
                  00005be6    00000002     --HOLE-- [fill = 0]
                  00005be8    00000034     driverlib.lib : interrupt.obj (.text:IntRegister)
                  00005c1c    00000034     rtsv7M4_T_le_v4SPD16_eabi.lib : boot_cortex_m.c.obj (.text:_c_int00_noargs:_c_int00_noargs)
                  00005c50    00000030                                   : vsnprintf.c.obj (.text:_outs)
                  00005c80    0000002e                                   : i_tofd_t2.asm.obj (.text)
                  00005cae    00000002     --HOLE-- [fill = 0]
                  00005cb0    00000028                                   : memory.c.obj (.text:free_list_insert)
                  00005cd8    00000020                                   : u_tofd_t2.asm.obj (.text)
                  00005cf8    0000001e                                   : strcat.c.obj (.text:strcat)
                  00005d16    0000001c                                   : copy_zero_init.c.obj (.text:decompress:ZI:__TI_zero_init_nomemset:__TI_zero_init_nomemset)
                  00005d32    00000002     --HOLE-- [fill = 0]
                  00005d34    0000001c                                   : memory.c.obj (.text:free_list_remove)
                  00005d50    0000001c                                   : memccpy.c.obj (.text:memccpy)
                  00005d6c    0000001a                                   : s_copysign.c.obj (.text:copysign)
                  00005d86    00000018                                   : vsnprintf.c.obj (.text:_outc)
                  00005d9e    00000018                                   : sprintf.c.obj (.text:_outs)
                  00005db6    00000018     open_interface.obj (.text:oi_parseInt)
                  00005dce    00000018     rtsv7M4_T_le_v4SPD16_eabi.lib : strcmp.c.obj (.text:strcmp)
                  00005de6    00000016                                   : strchr.c.obj (.text:strchr)
                  00005dfc    00000014                                   : strcpy.c.obj (.text:strcpy)
                  00005e10    00000014                                   : strlen.c.obj (.text:strlen)
                  00005e24    00000012                                   : wcslen.c.obj (.text:wcslen)
                  00005e36    00000010     driverlib.lib : interrupt.obj (.text:IntMasterEnable)
                  00005e46    00000010     lcd.obj (.text:lcd_clear)
                  00005e56    0000000e     rtsv7M4_T_le_v4SPD16_eabi.lib : copy_decompress_none.c.obj (.text:decompress:none:__TI_decompress_none)
                  00005e64    0000000c     driverlib.lib : cpu.obj (.text:CPUcpsie)
                  00005e70    0000000c     tm4c123gh6pm_startup_ccs.obj (.text)
                  00005e7c    0000000a     rtsv7M4_T_le_v4SPD16_eabi.lib : sprintf.c.obj (.text:_outc)
                  00005e86    00000002     --HOLE-- [fill = 0]
                  00005e88    00000008                                   : errno.c.obj (.text:__aeabi_errno_addr)
                  00005e90    00000008                                   : memory.c.obj (.text:malloc)
                  00005e98    00000004                                   : error.c.obj (.text:__abort_execution)
                  00005e9c    00000004                                   : pre_init.c.obj (.text:_system_pre_init)
                  00005ea0    00000004                                   : exit.c.obj (.text:abort:abort)

.const     0    00005ea8    000001c4     
                  00005ea8    00000101     rtsv7M4_T_le_v4SPD16_eabi.lib : ctype.c.obj (.const:.string:_ctypes_)
                  00005fa9    00000032     main.obj (.const:.string:$P$T0$1)
                  00005fdb    00000032     main.obj (.const:.string:$P$T1$2)
                  0000600d    00000003     --HOLE-- [fill = 0]
                  00006010    00000030     rtsv7M4_T_le_v4SPD16_eabi.lib : e_pow.c.obj (.const:$O1$$)
                  00006040    00000015     lcd.obj (.const:.string:$P$T1$1)
                  00006055    0000000f     open_interface.obj (.const:.string:$P$T0$3)
                  00006064    00000004     lcd.obj (.const:.string:lineAddress$2)
                  00006068    00000004     lcd.obj (.const:.string:lineAddresses$3)

.cinit     0    00006070    00000228     
                  00006070    000001ed     (.cinit..data.load) [load image, compression = lzss]
                  0000625d    00000003     --HOLE-- [fill = 0]
                  00006260    0000000c     (__TI_handler_table)
                  0000626c    00000004     --HOLE-- [fill = 0]
                  00006270    00000008     (.cinit..bss.load) [load image, compression = zero_init]
                  00006278    00000008     (.cinit..vtable.load) [load image, compression = zero_init]
                  00006280    00000018     (__TI_cinit_table)

.init_array 
*          0    00000000    00000000     UNINITIALIZED

.vtable    0    20000000    0000026c     UNINITIALIZED
                  20000000    0000026c     driverlib.lib : interrupt.obj (.vtable)

.stack     0    20000270    00001000     UNINITIALIZED
                  20000270    00000004     rtsv7M4_T_le_v4SPD16_eabi.lib : boot_cortex_m.c.obj (.stack)
                  20000274    00000ffc     --HOLE--

.sysmem    0    20001270    00001000     UNINITIALIZED
                  20001270    00000010     rtsv7M4_T_le_v4SPD16_eabi.lib : memory.c.obj (.sysmem)
                  20001280    00000ff0     --HOLE--

.data      0    20002270    00000258     UNINITIALIZED
                  20002270    000001f8     adc.obj (.data:lookup_table)
                  20002468    00000020     open_interface.obj (.data)
                  20002488    0000000c     ping.obj (.data)
                  20002494    00000008     rtsv7M4_T_le_v4SPD16_eabi.lib : _lock.c.obj (.data:$O1$$)
                  2000249c    00000008                                   : memory.c.obj (.data:$O1$$)
                  200024a4    00000008     servo.obj (.data)
                  200024ac    00000008     uart-interrupt.obj (.data)
                  200024b4    00000005     button.obj (.data)
                  200024b9    00000001     Timer.obj (.data)
                  200024ba    00000002     --HOLE--
                  200024bc    00000004     move.obj (.data)
                  200024c0    00000004     rtsv7M4_T_le_v4SPD16_eabi.lib : errno.c.obj (.data)
                  200024c4    00000004                                   : vla_alloc.c.obj (.data)

.bss       0    200024c8    00000078     UNINITIALIZED
                  200024c8    00000054     lcd.obj (.bss:lastbuffer$4)
                  2000251c    00000018     open_interface.obj (.bss:firmware$2)
                  20002534    00000004     (.common:_timeout_ticks)
                  20002538    00000004     (.common:complete)
                  2000253c    00000004     (.common:turn_offset)

__llvm_prf_cnts 
*          0    20000000    00000000     UNINITIALIZED

MODULE SUMMARY

       Module                         code    ro data   rw data
       ------                         ----    -------   -------
    .\
       open_interface.obj             3128    15        56     
       move.obj                       1884    0         4      
       adc.obj                        1036    0         512    
       lcd.obj                        980     29        84     
       main.obj                       848     100       0      
       servo.obj                      928     0         8      
       ping.obj                       724     0         12     
       tm4c123gh6pm_startup_ccs.obj   12      620       0      
       Timer.obj                      584     0         5      
       uart-interrupt.obj             500     0         8      
       scan.obj                       248     0         0      
       button.obj                     216     0         5      
    +--+------------------------------+-------+---------+---------+
       Total:                         11088   764       694    
                                                               
    C:/ti/TivaWare_C_Series-2.2.0.295/driverlib/ccs/Debug/driverlib.lib
       interrupt.obj                  68      0         620    
       cpu.obj                        12      0         0      
    +--+------------------------------+-------+---------+---------+
       Total:                         80      0         620    
                                                               
    C:\ti\ccs1230\ccs\tools\compiler\ti-cgt-arm_20.2.7.LTS\lib\rtsv7M4_T_le_v4SPD16_eabi.lib
       _printfi.c.obj                 4851    0         0      
       e_pow.c.obj                    2512    48        0      
       memory.c.obj                   956     0         8      
       vla_alloc.c.obj                452     0         4      
       fd_add_t2.asm.obj              438     0         0      
       e_sqrt.c.obj                   344     0         0      
       fd_div_t2.asm.obj              310     0         0      
       s_scalbn.c.obj                 272     0         0      
       fd_cmp_t2.asm.obj              268     0         0      
       ctype.c.obj                    0       257       0      
       fd_mul_t2.asm.obj              252     0         0      
       memcpy_t2.asm.obj              156     0         0      
       ull_div_t2.asm.obj             150     0         0      
       vsnprintf.c.obj                136     0         0      
       memset_t2.asm.obj              122     0         0      
       fd_tos_t2.asm.obj              110     0         0      
       copy_decompress_lzss.c.obj     104     0         0      
       s_frexp.c.obj                  100     0         0      
       sprintf.c.obj                  98      0         0      
       _ltoa.c.obj                    84      0         0      
       atoi.c.obj                     76      0         0      
       fd_toi_t2.asm.obj              72      0         0      
       autoinit.c.obj                 68      0         0      
       fs_tod_t2.asm.obj              56      0         0      
       strncpy.c.obj                  54      0         0      
       boot_cortex_m.c.obj            52      0         0      
       i_tofd_t2.asm.obj              46      0         0      
       u_tofd_t2.asm.obj              32      0         0      
       strcat.c.obj                   30      0         0      
       copy_zero_init.c.obj           28      0         0      
       memccpy.c.obj                  28      0         0      
       s_copysign.c.obj               26      0         0      
       strcmp.c.obj                   24      0         0      
       strchr.c.obj                   22      0         0      
       strcpy.c.obj                   20      0         0      
       strlen.c.obj                   20      0         0      
       wcslen.c.obj                   18      0         0      
       copy_decompress_none.c.obj     14      0         0      
       errno.c.obj                    8       0         4      
       _lock.c.obj                    2       0         8      
       error.c.obj                    4       0         0      
       exit.c.obj                     4       0         0      
       pre_init.c.obj                 4       0         0      
       div0.asm.obj                   2       0         0      
    +--+------------------------------+-------+---------+---------+
       Total:                         12425   305       24     
                                                               
       Heap:                          0       0         4096   
       Stack:                         0       0         4096   
       Linker Generated:              0       545       0      
    +--+------------------------------+-------+---------+---------+
       Grand Total:                   23593   1614      9530   


LINKER GENERATED COPY TABLES

__TI_cinit_table @ 00006280 records: 3, size/record: 8, table size: 24
	.data: load addr=00006070, load size=000001ed bytes, run addr=20002270, run size=00000258 bytes, compression=lzss
	.bss: load addr=00006270, load size=00000008 bytes, run addr=200024c8, run size=00000078 bytes, compression=zero_init
	.vtable: load addr=00006278, load size=00000008 bytes, run addr=20000000, run size=0000026c bytes, compression=zero_init


LINKER GENERATED HANDLER TABLE

__TI_handler_table @ 00006260 records: 3, size/record: 4, table size: 12
	index: 0, handler: __TI_zero_init
	index: 1, handler: __TI_decompress_lzss
	index: 2, handler: __TI_decompress_none


GLOBAL SYMBOLS: SORTED ALPHABETICALLY BY Name 

address   name                          
-------   ----                          
00005ea1  C$$EXIT                       
00005e65  CPUcpsie                      
2000248c  END_TIME                      
00000bc3  GPIOF_Handler                 
00005e37  IntMasterEnable               
00005be9  IntRegister                   
00005e71  ResetISR                      
20002488  START_TIME                    
20002490  STATE                         
00003a2f  TIMER3B_Handler               
000041a1  UART1_Handler                 
20001270  __STACK_END                   
00001000  __STACK_SIZE                  
20000470  __STACK_TOP                   
00001000  __SYSMEM_SIZE                 
00006280  __TI_CINIT_Base               
00006298  __TI_CINIT_Limit              
00006260  __TI_Handler_Table_Base       
0000626c  __TI_Handler_Table_Limit      
00005a3d  __TI_auto_init_nobinit_nopinit
000057e1  __TI_decompress_lzss          
00005e57  __TI_decompress_none          
00005903  __TI_ltoa                     
ffffffff  __TI_pprof_out_hndl           
00000e8d  __TI_printfi                  
ffffffff  __TI_prof_data_size           
ffffffff  __TI_prof_data_start          
00000000  __TI_static_base__            
00005d17  __TI_zero_init_nomemset       
00005e99  __abort_execution             
00005495  __aeabi_cdcmpeq               
00005495  __aeabi_cdcmple               
0000551b  __aeabi_cdrcmple              
00005773  __aeabi_d2f                   
000059f5  __aeabi_d2iz                  
00004423  __aeabi_dadd                  
000049b1  __aeabi_ddiv                  
00004e1d  __aeabi_dmul                  
00004419  __aeabi_dsub                  
00005e89  __aeabi_errno_addr            
00005b79  __aeabi_f2d                   
00005c81  __aeabi_i2d                   
000045cf  __aeabi_idiv0                 
000045cf  __aeabi_ldiv0                 
000055a1  __aeabi_memclr                
000055a1  __aeabi_memclr4               
000055a1  __aeabi_memclr8               
00005363  __aeabi_memcpy                
00005363  __aeabi_memcpy4               
00005363  __aeabi_memcpy8               
000055a3  __aeabi_memset                
000055a3  __aeabi_memset4               
000055a3  __aeabi_memset8               
00005cd9  __aeabi_ui2d                  
000053ff  __aeabi_uldivmod              
ffffffff  __binit__                     
ffffffff  __c_args__                    
UNDEFED   __mpu_init                    
20000270  __stack                       
20000000  __start___llvm_prf_cnts       
20000000  __stop___llvm_prf_cnts        
00004729  __vla_alloc                   
00005c1d  _c_int00_noargs               
00005ea8  _ctypes_                      
20002494  _lock                         
000018db  _nop                          
200024b9  _running                      
20001270  _sys_memory                   
UNDEFED   _system_post_cinit            
00005e9d  _system_pre_init              
20002534  _timeout_ticks                
20002498  _unlock                       
00005ea1  abort                         
00002be1  adc_calibration               
00002ae7  adc_get_distance              
00002a09  adc_init                      
00002ab3  adc_read                      
00004d1d  aligned_alloc                 
000059a9  atoi                          
ffffffff  binit                         
0000520d  button_getButton              
000051d9  button_init                   
000022ad  cal_turning                   
00005b41  calloc                        
200024ac  command_byte                  
200024b0  command_flag                  
20002538  complete                      
00005d6d  copysign                      
00005d6d  copysignl                     
200024b4  curr_btn                      
200024c0  errno                         
00005011  free                          
00005849  frexp                         
00005849  frexpl                        
20000000  g_pfnRAMVectors               
00000000  g_pfnVectors                  
00004187  get_command_byte              
0000097f  go_charge                     
00005e47  lcd_clear                     
00003083  lcd_gotoLine                  
00002eeb  lcd_init                      
000030ed  lcd_printf                    
00002fab  lcd_putc                      
00002fe3  lcd_puts                      
00002eaf  lcd_reverseNibble             
00002e15  lcd_rotatingBanner            
00003001  lcd_sendCommand               
0000303f  lcd_sendNibble                
000030ab  lcd_setCursorPos              
00004c0d  ldexp                         
00004c0d  ldexpl                        
200024a4  left_val                      
20002270  lookup_table                  
00003579  main                          
00005e91  malloc                        
00004d1d  memalign                      
00005d51  memccpy                       
00005363  memcpy                        
000055a9  memset                        
20002468  motor_cal_factor_L            
2000246c  motor_cal_factor_R            
00002375  move                          
00002895  move_backward                 
0000274d  move_forward                  
200024bc  normal_cliff                  
0000026d  oi_alloc                      
00000aa9  oi_checkFirmware              
000002c7  oi_close                      
00000279  oi_free                       
00000ded  oi_getMotorCalibrationLeft    
00000e01  oi_getMotorCalibrationRight   
000002b1  oi_init                       
00000289  oi_init_noupdate              
00000915  oi_loadSong                   
00005db7  oi_parseInt                   
0000032b  oi_parsePacket                
0000096b  oi_play_song                  
0000084b  oi_setLeds                    
00000db1  oi_setMotorCalibration        
0000088f  oi_setWheels                  
00000b51  oi_shutoff_init               
0000098d  oi_uartInit                   
00000a31  oi_uartReceive                
00000a77  oi_uartSendBuff               
00000a15  oi_uartSendChar               
00000a59  oi_uartSendStr                
000002d9  oi_update                     
20002492  overflow                      
000038c9  ping                          
00003a6f  ping_getDistance              
000038e3  ping_init                     
000039a1  ping_trigger                  
000018dd  pow                           
000018dd  powl                          
000050f5  realloc                       
200024a8  right_val                     
00004c0d  scalbn                        
00004c0d  scalbnl                       
00004f19  scan                          
000033d1  servo_cal                     
000031d9  servo_init                    
000032af  servo_move                    
00005a81  sprintf                       
000045d1  sqrt                          
000045d1  sqrtl                         
00005cf9  strcat                        
00005de7  strchr                        
00005dcf  strcmp                        
00005dfd  strcpy                        
00005e11  strlen                        
00005bb1  strncpy                       
00003f2b  timer_getMicros               
00003ed3  timer_getMillis               
00003e0d  timer_init                    
00003eaf  timer_pause                   
00003ec1  timer_resume                  
00003e85  timer_stop                    
00003f85  timer_waitMicros              
00003fb7  timer_waitMillis              
000024e5  turn                          
00002905  turn_left                     
2000253c  turn_offset                   
0000296b  turn_right                    
00004055  uart_interrupt_init           
00004143  uart_receive                  
00004127  uart_sendChar                 
00004169  uart_sendStr                  
00005ac1  vsnprintf                     
00005e25  wcslen                        


GLOBAL SYMBOLS: SORTED BY Symbol Address 

address   name                          
-------   ----                          
00000000  __TI_static_base__            
00000000  g_pfnVectors                  
0000026d  oi_alloc                      
00000279  oi_free                       
00000289  oi_init_noupdate              
000002b1  oi_init                       
000002c7  oi_close                      
000002d9  oi_update                     
0000032b  oi_parsePacket                
0000084b  oi_setLeds                    
0000088f  oi_setWheels                  
00000915  oi_loadSong                   
0000096b  oi_play_song                  
0000097f  go_charge                     
0000098d  oi_uartInit                   
00000a15  oi_uartSendChar               
00000a31  oi_uartReceive                
00000a59  oi_uartSendStr                
00000a77  oi_uartSendBuff               
00000aa9  oi_checkFirmware              
00000b51  oi_shutoff_init               
00000bc3  GPIOF_Handler                 
00000db1  oi_setMotorCalibration        
00000ded  oi_getMotorCalibrationLeft    
00000e01  oi_getMotorCalibrationRight   
00000e8d  __TI_printfi                  
00001000  __STACK_SIZE                  
00001000  __SYSMEM_SIZE                 
000018db  _nop                          
000018dd  pow                           
000018dd  powl                          
000022ad  cal_turning                   
00002375  move                          
000024e5  turn                          
0000274d  move_forward                  
00002895  move_backward                 
00002905  turn_left                     
0000296b  turn_right                    
00002a09  adc_init                      
00002ab3  adc_read                      
00002ae7  adc_get_distance              
00002be1  adc_calibration               
00002e15  lcd_rotatingBanner            
00002eaf  lcd_reverseNibble             
00002eeb  lcd_init                      
00002fab  lcd_putc                      
00002fe3  lcd_puts                      
00003001  lcd_sendCommand               
0000303f  lcd_sendNibble                
00003083  lcd_gotoLine                  
000030ab  lcd_setCursorPos              
000030ed  lcd_printf                    
000031d9  servo_init                    
000032af  servo_move                    
000033d1  servo_cal                     
00003579  main                          
000038c9  ping                          
000038e3  ping_init                     
000039a1  ping_trigger                  
00003a2f  TIMER3B_Handler               
00003a6f  ping_getDistance              
00003e0d  timer_init                    
00003e85  timer_stop                    
00003eaf  timer_pause                   
00003ec1  timer_resume                  
00003ed3  timer_getMillis               
00003f2b  timer_getMicros               
00003f85  timer_waitMicros              
00003fb7  timer_waitMillis              
00004055  uart_interrupt_init           
00004127  uart_sendChar                 
00004143  uart_receive                  
00004169  uart_sendStr                  
00004187  get_command_byte              
000041a1  UART1_Handler                 
00004419  __aeabi_dsub                  
00004423  __aeabi_dadd                  
000045cf  __aeabi_idiv0                 
000045cf  __aeabi_ldiv0                 
000045d1  sqrt                          
000045d1  sqrtl                         
00004729  __vla_alloc                   
000049b1  __aeabi_ddiv                  
00004c0d  ldexp                         
00004c0d  ldexpl                        
00004c0d  scalbn                        
00004c0d  scalbnl                       
00004d1d  aligned_alloc                 
00004d1d  memalign                      
00004e1d  __aeabi_dmul                  
00004f19  scan                          
00005011  free                          
000050f5  realloc                       
000051d9  button_init                   
0000520d  button_getButton              
00005363  __aeabi_memcpy                
00005363  __aeabi_memcpy4               
00005363  __aeabi_memcpy8               
00005363  memcpy                        
000053ff  __aeabi_uldivmod              
00005495  __aeabi_cdcmpeq               
00005495  __aeabi_cdcmple               
0000551b  __aeabi_cdrcmple              
000055a1  __aeabi_memclr                
000055a1  __aeabi_memclr4               
000055a1  __aeabi_memclr8               
000055a3  __aeabi_memset                
000055a3  __aeabi_memset4               
000055a3  __aeabi_memset8               
000055a9  memset                        
00005773  __aeabi_d2f                   
000057e1  __TI_decompress_lzss          
00005849  frexp                         
00005849  frexpl                        
00005903  __TI_ltoa                     
000059a9  atoi                          
000059f5  __aeabi_d2iz                  
00005a3d  __TI_auto_init_nobinit_nopinit
00005a81  sprintf                       
00005ac1  vsnprintf                     
00005b41  calloc                        
00005b79  __aeabi_f2d                   
00005bb1  strncpy                       
00005be9  IntRegister                   
00005c1d  _c_int00_noargs               
00005c81  __aeabi_i2d                   
00005cd9  __aeabi_ui2d                  
00005cf9  strcat                        
00005d17  __TI_zero_init_nomemset       
00005d51  memccpy                       
00005d6d  copysign                      
00005d6d  copysignl                     
00005db7  oi_parseInt                   
00005dcf  strcmp                        
00005de7  strchr                        
00005dfd  strcpy                        
00005e11  strlen                        
00005e25  wcslen                        
00005e37  IntMasterEnable               
00005e47  lcd_clear                     
00005e57  __TI_decompress_none          
00005e65  CPUcpsie                      
00005e71  ResetISR                      
00005e89  __aeabi_errno_addr            
00005e91  malloc                        
00005e99  __abort_execution             
00005e9d  _system_pre_init              
00005ea1  C$$EXIT                       
00005ea1  abort                         
00005ea8  _ctypes_                      
00006260  __TI_Handler_Table_Base       
0000626c  __TI_Handler_Table_Limit      
00006280  __TI_CINIT_Base               
00006298  __TI_CINIT_Limit              
20000000  __start___llvm_prf_cnts       
20000000  __stop___llvm_prf_cnts        
20000000  g_pfnRAMVectors               
20000270  __stack                       
20000470  __STACK_TOP                   
20001270  __STACK_END                   
20001270  _sys_memory                   
20002270  lookup_table                  
20002468  motor_cal_factor_L            
2000246c  motor_cal_factor_R            
20002488  START_TIME                    
2000248c  END_TIME                      
20002490  STATE                         
20002492  overflow                      
20002494  _lock                         
20002498  _unlock                       
200024a4  left_val                      
200024a8  right_val                     
200024ac  command_byte                  
200024b0  command_flag                  
200024b4  curr_btn                      
200024b9  _running                      
200024bc  normal_cliff                  
200024c0  errno                         
20002534  _timeout_ticks                
20002538  complete                      
2000253c  turn_offset                   
ffffffff  __TI_pprof_out_hndl           
ffffffff  __TI_prof_data_size           
ffffffff  __TI_prof_data_start          
ffffffff  __binit__                     
ffffffff  __c_args__                    
ffffffff  binit                         
UNDEFED   __mpu_init                    
UNDEFED   _system_post_cinit            

[189 symbols]
